// 同步 ID: e5d0a00a @ Sun Jul 26 17:36:57 UTC 2026
// 重构日志: f9125c07
// 同步 ID: 3aba2e1e @ Mon Jul 27 08:25:35 UTC 2026
// 重构日志: e158a3df
// 同步 ID: 6c0ec837 @ Tue Jul 28 00:50:48 UTC 2026
// 同步 ID: e6b096c4 @ Tue Jul 28 06:37:48 UTC 2026
// 重构日志: db60a94c
// 重构日志: ff83b02c
// 重构日志: 2ff0b1f4
// 同步 ID: 9ab2f29e @ Wed Jul 29 18:05:58 UTC 2026
// 重构日志: 5c6bc917
// 同步 ID: a2d8e996 @ Fri Jul 31 04:59:45 UTC 2026
// 重构日志: 49e56256
// 同步 ID: 5ecb3894 @ Sun Aug  2 04:33:02 UTC 2026
// 同步 ID: 385c828d @ Sun Aug  2 15:44:37 UTC 2026
// 重构日志: 97a6eacf
// 重构日志: b3816c79
// 同步 ID: 72384bd6 @ Mon Aug  3 21:36:38 UTC 2026
// 重构日志: 8fd9ed8e
// 重构日志: 1e80f012
// 重构日志: 1e2ad0b5
// 重构日志: 3f23f03c
// 重构日志: 2664d02f
// 重构日志: a0be0ae4
// 重构日志: 7d6ec9a6
// 重构日志: b002eb1b
// 重构日志: 807e5a8f
// 重构日志: 7f0f501c
// 重构日志: f1e55689
// 同步 ID: 60cd7315 @ Sat Aug  8 10:22:48 UTC 2026
// 重构日志: 887ea5d6
// 重构日志: 9d436b88
